seaborn 0.13.0 requires numpy!=1.24.0,>=1.20, but you have numpy 1.19.2 which is incompatible.
mmtrack 0.14.0 requires scipy<=1.7.3, but you have scipy 1.9.3 which is incompatible.